// Jest Snapshot v1, https://goo.gl/fbAQLP

exports[`Does nothing 1`] = `
"import { DateRangePicker } from "@react-spectrum/s2";

<div>
  <DateRangePicker label="Event date range" />
</div>"
`;
