// Jest Snapshot v1, https://goo.gl/fbAQLP

exports[`Does nothing 1`] = `
"import { DateField } from "@react-spectrum/s2";

<div>
  <DateField label="Event date" />
</div>"
`;
